[     191ms] [ERROR] Failed to load resource: the server responded with a status of 502 () @ https://staging.chavesnamao.com.br/manifest.json:0
[     191ms] [ERROR] Manifest fetch from https://staging.chavesnamao.com.br/manifest.json failed, code 502 @ https://staging.chavesnamao.com.br/imoveis/sp-campinas/4-quartos/?filtro=pmin:8000000,pmax:10000000,ban:4,gar:4,are:[12]:39
[     685ms] [ERROR] Failed to load resource: the server responded with a status of 502 () @ https://staging.chavesnamao.com.br/manifest.json:0
[     685ms] [ERROR] Manifest fetch from https://staging.chavesnamao.com.br/manifest.json failed, code 502 @ https://staging.chavesnamao.com.br/imoveis/sp-campinas/4-quartos/?filtro=pmin:8000000,pmax:10000000,ban:4,gar:4,are:[12]:0
[    1792ms] [ERROR] Failed to load resource: the server responded with a status of 502 () @ https://staging.chavesnamao.com.br/imoveis/estatisticas/index/:0
[    1792ms] [ERROR] HTTP Error: 502 -  @ https://cdn.chavesnamao.com.br/portal-staging/build/c5ecb7e0374503ca622a7d75b86c15e5e968fdcf/_next/static/chunks/25859-b09d783442b8185a.js:44
[    6681ms] [WARNING] The resource https://cdn.chavesnamao.com.br/portal-staging/build/c5ecb7e0374503ca622a7d75b86c15e5e968fdcf/_next/static/chunks/33084.c27f8f9d188b82b2.js was preloaded using link preload but not used within a few seconds from the window's load event. Please make sure it has an appropriate `as` value and it is preloaded intentionally. @ https://staging.chavesnamao.com.br/imoveis/sp-campinas/4-quartos/?filtro=pmin:8000000,pmax:10000000,ban:4,gar:4,are:[12]:0
[   11409ms] [WARNING] [GPT] PubAdsService.setTargeting is deprecated, use googletag.setConfig({targeting: ...}) instead.
https://goo.gle/gpt-message#170 @ https://cdn.chavesnamao.com.br/portal-staging/build/c5ecb7e0374503ca622a7d75b86c15e5e968fdcf/_next/static/chunks/25859-b09d783442b8185a.js:44
[   13368ms] [WARNING] The resource https://csync.smilewanted.com/?zoneCode=refinery89.com_hb_1 was preloaded using link preload but not used within a few seconds from the window's load event. Please make sure it has an appropriate `as` value and it is preloaded intentionally. @ https://staging.chavesnamao.com.br/imoveis/sp-campinas/4-quartos/?filtro=pmin:8000000,pmax:10000000,ban:4,gar:4,are:[12]:0
[   13368ms] [WARNING] The resource https://cdn.consentmanager.net/delivery/js/cmp_en.min.js was preloaded using link preload but not used within a few seconds from the window's load event. Please make sure it has an appropriate `as` value and it is preloaded intentionally. @ https://staging.chavesnamao.com.br/imoveis/sp-campinas/4-quartos/?filtro=pmin:8000000,pmax:10000000,ban:4,gar:4,are:[12]:0
[   13368ms] [WARNING] The resource https://cdn.chavesnamao.com.br/portal-staging/build/c5ecb7e0374503ca622a7d75b86c15e5e968fdcf/_next/static/chunks/33084.c27f8f9d188b82b2.js was preloaded using link preload but not used within a few seconds from the window's load event. Please make sure it has an appropriate `as` value and it is preloaded intentionally. @ https://staging.chavesnamao.com.br/imoveis/sp-campinas/4-quartos/?filtro=pmin:8000000,pmax:10000000,ban:4,gar:4,are:[12]:0
[   14172ms] [ERROR] Failed to load resource: the server responded with a status of 502 () @ https://staging.chavesnamao.com.br/imoveis/estatisticas/index/:0
[   14172ms] [ERROR] HTTP Error: 502 -  @ https://cdn.chavesnamao.com.br/portal-staging/build/c5ecb7e0374503ca622a7d75b86c15e5e968fdcf/_next/static/chunks/25859-b09d783442b8185a.js:44
[   14317ms] [ERROR] Failed to load resource: the server responded with a status of 502 () @ https://staging.chavesnamao.com.br/imoveis/estatisticas/index/:0
[   14317ms] [ERROR] HTTP Error: 502 -  @ https://cdn.chavesnamao.com.br/portal-staging/build/c5ecb7e0374503ca622a7d75b86c15e5e968fdcf/_next/static/chunks/25859-b09d783442b8185a.js:44
[   24212ms] [WARNING] The resource https://csync.smilewanted.com/?zoneCode=refinery89.com_hb_1 was preloaded using link preload but not used within a few seconds from the window's load event. Please make sure it has an appropriate `as` value and it is preloaded intentionally. @ https://staging.chavesnamao.com.br/imoveis/sp-campinas/4-quartos/?filtro=pmin:8000000,pmax:10000000,ban:4,gar:4,are:[12]:0
[   24212ms] [WARNING] The resource https://cdn.consentmanager.net/delivery/js/cmp_en.min.js was preloaded using link preload but not used within a few seconds from the window's load event. Please make sure it has an appropriate `as` value and it is preloaded intentionally. @ https://staging.chavesnamao.com.br/imoveis/sp-campinas/4-quartos/?filtro=pmin:8000000,pmax:10000000,ban:4,gar:4,are:[12]:0
[   24212ms] [WARNING] The resource https://cdn.chavesnamao.com.br/portal-staging/build/c5ecb7e0374503ca622a7d75b86c15e5e968fdcf/_next/static/chunks/33084.c27f8f9d188b82b2.js was preloaded using link preload but not used within a few seconds from the window's load event. Please make sure it has an appropriate `as` value and it is preloaded intentionally. @ https://staging.chavesnamao.com.br/imoveis/sp-campinas/4-quartos/?filtro=pmin:8000000,pmax:10000000,ban:4,gar:4,are:[12]:0
[   43445ms] [WARNING] The resource https://csync.smilewanted.com/?zoneCode=refinery89.com_hb_1 was preloaded using link preload but not used within a few seconds from the window's load event. Please make sure it has an appropriate `as` value and it is preloaded intentionally. @ https://staging.chavesnamao.com.br/imoveis/sp-campinas/4-quartos/?filtro=pmin:8000000,pmax:10000000,ban:4,gar:4,are:[12]:0
[   43445ms] [WARNING] The resource https://cdn.consentmanager.net/delivery/js/cmp_en.min.js was preloaded using link preload but not used within a few seconds from the window's load event. Please make sure it has an appropriate `as` value and it is preloaded intentionally. @ https://staging.chavesnamao.com.br/imoveis/sp-campinas/4-quartos/?filtro=pmin:8000000,pmax:10000000,ban:4,gar:4,are:[12]:0
[   43445ms] [WARNING] The resource https://cdn.chavesnamao.com.br/portal-staging/build/c5ecb7e0374503ca622a7d75b86c15e5e968fdcf/_next/static/chunks/33084.c27f8f9d188b82b2.js was preloaded using link preload but not used within a few seconds from the window's load event. Please make sure it has an appropriate `as` value and it is preloaded intentionally. @ https://staging.chavesnamao.com.br/imoveis/sp-campinas/4-quartos/?filtro=pmin:8000000,pmax:10000000,ban:4,gar:4,are:[12]:0
